../Core/Src/Clock.c:20:10:getSelectedValuePtr	4	static
../Core/Src/Clock.c:29:10:alarm_getSelectedValuePtr	4	static
../Core/Src/Clock.c:37:6:alarm_increaseValue	16	static
../Core/Src/Clock.c:47:6:increaseValue	16	static
../Core/Src/Clock.c:57:9:getCurrentValue	4	static
../Core/Src/Clock.c:65:9:alarm_getCurrentValue	4	static
../Core/Src/Clock.c:74:6:displayCurrentSetting	24	static
../Core/Src/Clock.c:118:1:DS1307_Set_Time_alarm	16	static
../Core/Src/Clock.c:123:6:saveSettings	16	static
../Core/Src/Clock.c:132:6:enterSetTimeMode	8	static
../Core/Src/Clock.c:158:6:enterSetAlarmMode	8	static
../Core/Src/Clock.c:181:6:display_time	48	static
