../Core/Src/main.c:62:5:main	56	static
../Core/Src/main.c:96:6:EXTI9_5_IRQHandler	8	static
../Core/Src/main.c:113:6:display_time	32	static
../Core/Src/main.c:146:6:SetBuzzerFrequency	24	static
../Core/Src/main.c:157:6:PlayMelody	152	static
../Core/Src/main.c:170:9:Decimal_to_BCD	16	static
../Core/Src/main.c:175:9:BCD_to_Decimal	16	static
../Core/Src/main.c:180:19:DS1307_Write_Register	32	static
../Core/Src/main.c:185:19:DS1307_Read_Register	32	static
../Core/Src/main.c:190:19:DS1307_Set_Time	24	static
../Core/Src/main.c:209:19:DS1307_Read_Time	24	static
../Core/Src/main.c:227:19:EEPROM_Write	40	static
../Core/Src/main.c:238:19:EEPROM_Read	40	static
../Core/Src/main.c:249:6:UART_Send_Status	16	static
../Core/Src/main.c:253:6:I2C_ScanBus	88	static
../Core/Src/main.c:274:6:lcd_init	8	static
../Core/Src/main.c:295:6:set_cursor	24	static
../Core/Src/main.c:301:6:sendchar	16	static
../Core/Src/main.c:306:6:lcd_str	16	static
../Core/Src/main.c:311:6:lcd_clr	8	static
../Core/Src/main.c:317:6:send_comand	32	static
../Core/Src/main.c:327:6:send_data	32	static
../Core/Src/main.c:337:6:SystemClock_Config	88	static
../Core/Src/main.c:379:13:MX_I2C1_Init	8	static
../Core/Src/main.c:413:13:MX_TIM2_Init	48	static
../Core/Src/main.c:462:13:MX_USART1_UART_Init	8	static
../Core/Src/main.c:495:13:MX_GPIO_Init	40	static
../Core/Src/main.c:528:6:Error_Handler	4	static
