../Core/Src/main.c:87:10:getSelectedValuePtr	4	static
../Core/Src/main.c:100:6:increaseValue	16	static
../Core/Src/main.c:110:9:getCurrentValue	4	static
../Core/Src/main.c:122:6:displayCurrentSetting	16	static
../Core/Src/main.c:152:6:saveSettings	8	static
../Core/Src/main.c:159:5:main	56	static
../Core/Src/main.c:220:6:enterSetTimeMode	8	static
../Core/Src/main.c:250:6:enterSetAlarmMode	8	static
../Core/Src/main.c:258:6:display_time	72	static
../Core/Src/main.c:303:6:SetBuzzerFrequency	24	static
../Core/Src/main.c:314:6:PlayMelody	152	static
../Core/Src/main.c:327:9:Decimal_to_BCD	16	static
../Core/Src/main.c:332:9:BCD_to_Decimal	16	static
../Core/Src/main.c:337:19:DS1307_Write_Register	32	static
../Core/Src/main.c:342:19:DS1307_Read_Register	32	static
../Core/Src/main.c:347:19:DS1307_Set_Time	24	static
../Core/Src/main.c:365:19:DS1307_Set_Date	24	static
../Core/Src/main.c:385:19:DS1307_Read_Time	24	static
../Core/Src/main.c:410:19:EEPROM_Write	40	static
../Core/Src/main.c:421:19:EEPROM_Read	40	static
../Core/Src/main.c:432:6:UART_Send_Status	16	static
../Core/Src/main.c:436:6:I2C_ScanBus	88	static
../Core/Src/main.c:457:6:lcd_init	8	static
../Core/Src/main.c:478:6:set_cursor	24	static
../Core/Src/main.c:484:6:sendchar	16	static
../Core/Src/main.c:489:6:lcd_str	16	static
../Core/Src/main.c:494:6:lcd_clr	8	static
../Core/Src/main.c:500:6:send_comand	32	static
../Core/Src/main.c:510:6:send_data	32	static
../Core/Src/main.c:520:6:SystemClock_Config	88	static
../Core/Src/main.c:562:13:MX_I2C1_Init	8	static
../Core/Src/main.c:596:13:MX_TIM2_Init	48	static
../Core/Src/main.c:645:13:MX_USART1_UART_Init	8	static
../Core/Src/main.c:678:13:MX_GPIO_Init	40	static
../Core/Src/main.c:709:6:Error_Handler	4	static
